"","Blautia","Bacteroides","Bifidobacterium","Anaerostipes","Dorea","Akkermansia","Christensenellaceae_R-7_group","UCG-002","Coprococcus","Lachnospira","Erysipelotrichaceae_UCG-003","Parabacteroides","Intestinibacter","Clostridium_sensu_stricto_1","Monoglobus","UCG-005","Haemophilus","Lachnospiraceae_UCG-004","Incertae_Sedis","UCG-003","Oscillibacter","Eggerthellaceae(Family)","Oscillospiraceae(Family)","Marvinbryantia","Firmicutes(Phylum)"
"Blautia",1,0.8356765668000425,0,0.8388102325205063,0.9542283946644475,0,-0.3647337293153765,0.7451454743986407,0.9438125944278861,0.9034776732258543,-0.5807674943937225,0,0,0,0,0.7182432849725574,-0.389593699717418,0,0,-0.5794782671254675,0.517145011278236,0,0.5224078103022304,0,0
"Bacteroides",0.8356765668000427,1,0,0.7138682900844808,0.7737812424033579,0,0,0.5968254409557582,0.8051956507420296,0.8609619644960796,-0.5808230642178607,0,0,0,0,0.5943381410362523,0,0,0,-0.5642826349570285,0.5378948608320403,0,0.5408176277309957,-0.44046638214560113,0
"Bifidobacterium",0,0,1,0,0,0,0,0,0,0,0,0,0,0,0,0,0,0,0,0,0,0,0,0,0
"Anaerostipes",0.8388102325205063,0.7138682900844807,0,1,0.7693169003772975,0,0,0.45267437985901043,0.7450068456808905,0.8232268090982431,-0.4385331033371744,0,0,0,0,0.5108250055813166,-0.3534181336756941,0,0,-0.5924231874494762,0,0,0,0,0
"Dorea",0.9542283946644476,0.7737812424033579,0,0.7693169003772976,1,0,0,0.8066639179419903,0.9588494639102422,0.8628426821447234,-0.551816040153706,0,0,0,0,0.7757330955573561,-0.39910012140446033,0,0,-0.5630718857475977,0.5198230410764568,0,0.4992598154095729,0,0
"Akkermansia",0,0,0,0,0,1,0,0,0,0,0,0,0,0,0,0,0,0,0,0,0,0,0,0,0
"Christensenellaceae_R-7_group",-0.3647337293153765,0,0,0,0,0,1,-0.6870048689885334,-0.5049714940707869,0,0,0,0,0,0.388159013552154,-0.6477613923767591,0,0.4450569943467875,0,0,0,0,0,0,0
"UCG-002",0.7451454743986408,0.5968254409557583,0,0.45267437985901043,0.8066639179419903,0,-0.6870048689885334,1,0.8546514322989517,0.6172829487127558,-0.6045034541297418,0,0,0,-0.3678370384714239,0.7741071619927893,-0.4064543761224516,0,0,0,0.4416714145361854,0,0.41944522010561786,0,0
"Coprococcus",0.9438125944278862,0.8051956507420296,0,0.7450068456808905,0.9588494639102424,0,-0.5049714940707869,0.8546514322989517,1,0.8701177266075771,-0.6158552616684763,0,0,0,0,0.7893430877420442,-0.38477462781166755,0,0,-0.5289967102924686,0.5099656406235746,0,0.48590558094444897,0,0
"Lachnospira",0.903477673225854,0.8609619644960796,0,0.8232268090982431,0.8628426821447233,0,0,0.6172829487127558,0.8701177266075771,1,-0.5521855984984789,0,0,0,0,0.6622469067309421,0,0,0,-0.5449814321589594,0.3862458419083974,0,0.49338013666912184,0,0
"Erysipelotrichaceae_UCG-003",-0.5807674943937225,-0.5808230642178608,0,-0.4385331033371743,-0.5518160401537059,0,0,-0.6045034541297418,-0.6158552616684763,-0.5521855984984788,1,0,0,0,0,-0.6719464924642886,0,0,0,0,0,0,0,0,0
"Parabacteroides",0,0,0,0,0,0,0,0,0,0,0,1,0,0,0,0,0,0,0,0,0,0,0,0,0
"Intestinibacter",0,0,0,0,0,0,0,0,0,0,0,0,1,0,0,0,0,0,0,0,0,0,0,0,0
"Clostridium_sensu_stricto_1",0,0,0,0,0,0,0,0,0,0,0,0,0,1,0,0,0,0,0,0,0,0,0,0,0
"Monoglobus",0,0,0,0,0,0,0.388159013552154,-0.36783703847142396,0,0,0,0,0,0,1,0,0,0,0,0,0,0,0,0,0
"UCG-005",0.7182432849725574,0.5943381410362522,0,0.5108250055813166,0.7757330955573561,0,-0.6477613923767592,0.7741071619927893,0.7893430877420441,0.6622469067309421,-0.6719464924642886,0,0,0,0,1,0,0,0,0,0.43237421977685364,0,0.561034434836901,0,0
"Haemophilus",-0.38959369971741803,0,0,-0.3534181336756941,-0.3991001214044603,0,0,-0.4064543761224516,-0.38477462781166755,0,0,0,0,0,0,0,1,0,0,0,0,0,0,0,0
"Lachnospiraceae_UCG-004",0,0,0,0,0,0,0.4450569943467875,0,0,0,0,0,0,0,0,0,0,1,0.587933646148127,0,0,0,0,0,0
"Incertae_Sedis",0,0,0,0,0,0,0,0,0,0,0,0,0,0,0,0,0,0.5879336461481272,1,0,0,0,0,0,0
"UCG-003",-0.5794782671254675,-0.5642826349570285,0,-0.5924231874494763,-0.5630718857475977,0,0,0,-0.5289967102924686,-0.5449814321589594,0,0,0,0,0,0,0,0,0,1,0,0,0,0,0
"Oscillibacter",0.517145011278236,0.5378948608320403,0,0,0.519823041076458,0,0,0.4416714145361854,0.5099656406235746,0.3862458419083974,0,0,0,0,0,0.4323742197768536,0,0,0,0,1,0,0,0,0
"Eggerthellaceae(Family)",0,0,0,0,0,0,0,0,0,0,0,0,0,0,0,0,0,0,0,0,0,1,0,0,0
"Oscillospiraceae(Family)",0.5224078103022304,0.5408176277309956,0,0,0.4992598154095728,0,0,0.41944522010561786,0.48590558094444897,0.4933801366691218,0,0,0,0,0,0.561034434836901,0,0,0,0,0,0,1,0,0
"Marvinbryantia",0,-0.44046638214560113,0,0,0,0,0,0,0,0,0,0,0,0,0,0,0,0,0,0,0,0,0,1,0
"Firmicutes(Phylum)",0,0,0,0,0,0,0,0,0,0,0,0,0,0,0,0,0,0,0,0,0,0,0,0,1
